// Jest Snapshot v1, https://goo.gl/fbAQLP

exports[`<CleanHr /> toMatchSnapshot 1`] = `
<div
  className="CleanHr-u75eti-0 fnhkPK"
/>
`;
