// Jest Snapshot v1, https://goo.gl/fbAQLP

exports[`<SlideInUp /> toMatchSnapshot 1`] = `
<div
  className="SlideInUp-s178605u-0 dTWHXn"
/>
`;
