// Jest Snapshot v1, https://goo.gl/fbAQLP

exports[`<Subtitle /> toMatchSnapshot 1`] = `
<h3
  className="Subtitle-s1pqjucr-0 kyHEyY"
/>
`;

exports[`<Subtitle /> toMatchSnapshot 2 1`] = `
<h3
  className="Subtitle-s1pqjucr-0 hQpFcq"
/>
`;
