// Jest Snapshot v1, https://goo.gl/fbAQLP

exports[`<Title /> toMatchSnapshot 1`] = `
<h1
  className="Title-s9pqsj-0 jqUncq"
/>
`;
