// Jest Snapshot v1, https://goo.gl/fbAQLP

exports[`<VerticalyCentered /> toMatchSnapshot 1`] = `
<div
  className="VerticalyCentered-s2kwuh3-0 fEVrzi"
/>
`;
